All tests passed!
